%CPU %MEM ARGS Sun Oct  4 06:05:13 PM UTC 2026
 0.0  0.0 grep ./cli                    5  2392
 0.0  0.0 ./cli kernel images/4096x40   2  1668
 0.0  0.0 ./cli kernel images/4096x40   0  1592
  PID User     Command                         Swap      USS      PSS      RSS 
 2423 joyboy   ./cli kernel images/4096x40        0     2180     2221     3504 
 2425 joyboy   ./cli kernel images/4096x40        0     2196     2237     3520 
 2419 joyboy   ./cli kernel images/4096x40        0     2256     2297     3580 
 2421 joyboy   ./cli kernel images/4096x40        0     2268     2309     3592 
 2417 joyboy   ./cli kernel images/4096x40        0     4276     4317     5600 
 2411 joyboy   /usr/bin/python3 /run/user/        0     7464     9809    14464 
%CPU %MEM ARGS Sun Oct  4 06:05:14 PM UTC 2026
 0.0  0.0 grep ./cli                    0  2396
46.4  0.1 ./cli kernel images/4096x40   4 10996
60.7  0.1 ./cli kernel images/4096x40   1 13900
64.2  0.1 ./cli kernel images/4096x40   5 14116
82.1  0.2 ./cli kernel images/4096x40   0 18756
96.4  0.2 ./cli kernel images/4096x40   2 21224
  PID User     Command                         Swap      USS      PSS      RSS 
 2428 joyboy   /usr/bin/python3 /run/user/        0     7584     9939    14636 
 2425 joyboy   ./cli kernel images/4096x40        0    12100    12141    13424 
 2421 joyboy   ./cli kernel images/4096x40        0    15652    15693    16976 
 2423 joyboy   ./cli kernel images/4096x40        0    16508    16549    17832 
 2419 joyboy   ./cli kernel images/4096x40        0    23508    23549    24832 
 2417 joyboy   ./cli kernel images/4096x40        0    25744    25785    27068 
%CPU %MEM ARGS Sun Oct  4 06:05:14 PM UTC 2026
 0.0  0.0 grep ./cli                    2  2392
44.0  0.2 ./cli kernel images/4096x40   0 20596
59.3  0.3 ./cli kernel images/4096x40   5 25364
72.8  0.3 ./cli kernel images/4096x40   1 32096
89.8  0.4 ./cli kernel images/4096x40   0 39724
91.5  0.4 ./cli kernel images/4096x40   2 39840
  PID User     Command                         Swap      USS      PSS      RSS 
 2433 joyboy   /usr/bin/python3 /run/user/        0     7588     9930    14612 
 2425 joyboy   ./cli kernel images/4096x40        0    22504    22545    23828 
 2423 joyboy   ./cli kernel images/4096x40        0    26528    26569    27852 
 2421 joyboy   ./cli kernel images/4096x40        0    36880    36921    38204 
 2419 joyboy   ./cli kernel images/4096x40        0    41488    41529    42812 
 2417 joyboy   ./cli kernel images/4096x40        0    41716    41757    43040 
%CPU %MEM ARGS Sun Oct  4 06:05:14 PM UTC 2026
 0.0  0.0 grep ./cli                    1  2392
52.7  0.4 ./cli kernel images/4096x40   0 35744
65.9  0.5 ./cli kernel images/4096x40   5 43260
81.3  0.6 ./cli kernel images/4096x40   1 54284
82.4  0.6 ./cli kernel images/4096x40   3 54836
87.9  0.7 ./cli kernel images/4096x40   2 58504
  PID User     Command                         Swap      USS      PSS      RSS 
 2438 joyboy   /usr/bin/python3 /run/user/        0     7588     9931    14604 
 2425 joyboy   ./cli kernel images/4096x40        0    40652    40693    41976 
 2423 joyboy   ./cli kernel images/4096x40        0    45004    45045    46328 
 2421 joyboy   ./cli kernel images/4096x40        0    59032    59073    60356 
 2419 joyboy   ./cli kernel images/4096x40        0    59564    59605    60888 
 2417 joyboy   ./cli kernel images/4096x40        0    62928    62969    64252 
%CPU %MEM ARGS Sun Oct  4 06:05:15 PM UTC 2026
 0.0  0.0 grep ./cli                    3  2396
65.0  0.7 ./cli kernel images/4096x40   0 57732
69.9  0.7 ./cli kernel images/4096x40   5 61996
86.1  0.9 ./cli kernel images/4096x40   3 77096
86.1  0.9 ./cli kernel images/4096x40   1 76444
91.0  1.0 ./cli kernel images/4096x40   2 80840
  PID User     Command                         Swap      USS      PSS      RSS 
 2443 joyboy   /usr/bin/python3 /run/user/        0     7588     9928    14612 
 2425 joyboy   ./cli kernel images/4096x40        0    62924    62965    64248 
 2423 joyboy   ./cli kernel images/4096x40        0    63860    63901    65184 
 2419 joyboy   ./cli kernel images/4096x40        0    79328    79369    80652 
 2421 joyboy   ./cli kernel images/4096x40        0    81300    81341    82624 
 2417 joyboy   ./cli kernel images/4096x40        0    85388    85429    86712 
%CPU %MEM ARGS Sun Oct  4 06:05:15 PM UTC 2026
 0.0  0.0 grep ./cli                    2  2392
71.6  0.9 ./cli kernel images/4096x40   0 79484
73.5  1.0 ./cli kernel images/4096x40   5 81156
78.0  1.0 ./cli kernel images/4096x40   4 87448
87.7  1.2 ./cli kernel images/4096x40   1 97368
91.6  1.2 ./cli kernel images/4096x40   2 102544
  PID User     Command                         Swap      USS      PSS      RSS 
 2448 joyboy   /usr/bin/python3 /run/user/        0     7588     9929    14612 
 2425 joyboy   ./cli kernel images/4096x40        0    82952    82993    84276 
 2423 joyboy   ./cli kernel images/4096x40        0    85980    86021    87304 
 2419 joyboy   ./cli kernel images/4096x40        0    91976    92017    93300 
 2421 joyboy   ./cli kernel images/4096x40        0    99024    99065   100348 
 2417 joyboy   ./cli kernel images/4096x40        0   106780   106821   108104 
%CPU %MEM ARGS Sun Oct  4 06:05:15 PM UTC 2026
 0.0  0.0 grep ./cli                    1  2396
67.7  1.1 ./cli kernel images/4096x40   0 90672
77.9  1.2 ./cli kernel images/4096x40   5 103036
81.7  1.3 ./cli kernel images/4096x40   4 109568
87.0  1.4 ./cli kernel images/4096x40   1 115668
93.0  1.5 ./cli kernel images/4096x40   2 124712
  PID User     Command                         Swap      USS      PSS      RSS 
 2453 joyboy   /usr/bin/python3 /run/user/        0     7588     9943    14640 
 2425 joyboy   ./cli kernel images/4096x40        0    91720    91761    93044 
 2423 joyboy   ./cli kernel images/4096x40        0   108048   108089   109372 
 2419 joyboy   ./cli kernel images/4096x40        0   111224   111265   112548 
 2421 joyboy   ./cli kernel images/4096x40        0   120376   120417   121700 
 2417 joyboy   ./cli kernel images/4096x40        0   129084   129125   130408 
%CPU %MEM ARGS Sun Oct  4 06:05:16 PM UTC 2026
 0.0  0.0 grep ./cli                    0  2388
65.7  1.2 ./cli kernel images/4096x40   0 103688
78.5  1.5 ./cli kernel images/4096x40   5 121904
82.1  1.5 ./cli kernel images/4096x40   4 128504
86.7  1.6 ./cli kernel images/4096x40   1 135436
93.6  1.8 ./cli kernel images/4096x40   2 147288
  PID User     Command                         Swap      USS      PSS      RSS 
 2458 joyboy   /usr/bin/python3 /run/user/        0     7588     9964    14676 
 2425 joyboy   ./cli kernel images/4096x40        0   108848   108889   110172 
 2423 joyboy   ./cli kernel images/4096x40        0   127024   127065   128348 
 2419 joyboy   ./cli kernel images/4096x40        0   133144   133185   134468 
 2421 joyboy   ./cli kernel images/4096x40        0   140212   140253   141536 
 2417 joyboy   ./cli kernel images/4096x40        0   148752   148793   150076 
%CPU %MEM ARGS Sun Oct  4 06:05:16 PM UTC 2026
 0.0  0.0 grep ./cli                    4  2392
70.8  1.5 ./cli kernel images/4096x40   0 125972
81.6  1.7 ./cli kernel images/4096x40   5 144544
84.4  1.8 ./cli kernel images/4096x40   4 150964
89.2  1.9 ./cli kernel images/4096x40   1 157988
93.2  2.0 ./cli kernel images/4096x40   2 166128
  PID User     Command                         Swap      USS      PSS      RSS 
 2463 joyboy   /usr/bin/python3 /run/user/        0     7584     9925    14564 
 2425 joyboy   ./cli kernel images/4096x40        0   131120   131161   132444 
 2423 joyboy   ./cli kernel images/4096x40        0   149628   149669   150952 
 2419 joyboy   ./cli kernel images/4096x40        0   155620   155661   156944 
 2421 joyboy   ./cli kernel images/4096x40        0   159624   159665   160948 
 2417 joyboy   ./cli kernel images/4096x40        0   170468   170509   171792 
%CPU %MEM ARGS Sun Oct  4 06:05:16 PM UTC 2026
 0.0  0.0 grep ./cli                    2  2388
72.0  1.7 ./cli kernel images/4096x40   0 144868
83.3  2.0 ./cli kernel images/4096x40   5 167068
86.2  2.1 ./cli kernel images/4096x40   4 173180
86.2  2.1 ./cli kernel images/4096x40   1 172912
93.2  2.3 ./cli kernel images/4096x40   2 188544
  PID User     Command                         Swap      USS      PSS      RSS 
 2468 joyboy   /usr/bin/python3 /run/user/        0     7588     9930    14612 
 2425 joyboy   ./cli kernel images/4096x40        0   146584   146625   147908 
 2423 joyboy   ./cli kernel images/4096x40        0   169016   169057   170340 
 2421 joyboy   ./cli kernel images/4096x40        0   175552   175593   176876 
 2419 joyboy   ./cli kernel images/4096x40        0   177864   177905   179188 
 2417 joyboy   ./cli kernel images/4096x40        0   192904   192945   194228 
%CPU %MEM ARGS Sun Oct  4 06:05:17 PM UTC 2026
 0.0  0.0 grep ./cli                    0  2396
69.2  1.9 ./cli kernel images/4096x40   4 155036
83.1  2.2 ./cli kernel images/4096x40   1 185300
83.1  2.3 ./cli kernel images/4096x40   5 185624
85.7  2.3 ./cli kernel images/4096x40   4 191952
94.2  2.6 ./cli kernel images/4096x40   2 213080
  PID User     Command                         Swap      USS      PSS      RSS 
 2473 joyboy   /usr/bin/python3 /run/user/        0     7592     9936    14596 
 2425 joyboy   ./cli kernel images/4096x40        0   157344   157385   158668 
 2421 joyboy   ./cli kernel images/4096x40        0   186384   186425   187708 
 2423 joyboy   ./cli kernel images/4096x40        0   191056   191097   192380 
 2419 joyboy   ./cli kernel images/4096x40        0   193704   193745   195028 
 2417 joyboy   ./cli kernel images/4096x40        0   215088   215131   216476 
%CPU %MEM ARGS Sun Oct  4 06:05:17 PM UTC 2026
 0.0  0.0 grep ./cli                    0  2392
67.5  2.0 ./cli kernel images/4096x40   4 167136
82.4  2.5 ./cli kernel images/4096x40   5 205140
82.4  2.5 ./cli kernel images/4096x40   1 203132
84.1  2.5 ./cli kernel images/4096x40   0 208660
92.8  2.9 ./cli kernel images/4096x40   2 234708
  PID User     Command                         Swap      USS      PSS      RSS 
 2478 joyboy   /usr/bin/python3 /run/user/        0     7588     9943    14640 
 2425 joyboy   ./cli kernel images/4096x40        0   169412   169453   170736 
 2421 joyboy   ./cli kernel images/4096x40        0   209464   209507   210852 
 2419 joyboy   ./cli kernel images/4096x40        0   211092   211135   212480 
 2423 joyboy   ./cli kernel images/4096x40        0   215184   215227   216572 
 2417 joyboy   ./cli kernel images/4096x40        0   240204   240247   241592 
%CPU %MEM ARGS Sun Oct  4 06:05:17 PM UTC 2026
 0.0  0.0 grep ./cli                    2  2392
69.0  2.3 ./cli kernel images/4096x40   4 186224
83.9  2.8 ./cli kernel images/4096x40   5 232232
83.9  2.8 ./cli kernel images/4096x40   1 230152
85.3  2.9 ./cli kernel images/4096x40   3 235640
93.4  3.2 ./cli kernel images/4096x40   2 261620
  PID User     Command                         Swap      USS      PSS      RSS 
 2483 joyboy   /usr/bin/python3 /run/user/        0     7588     9930    14612 
 2425 joyboy   ./cli kernel images/4096x40        0   188516   188557   189840 
 2421 joyboy   ./cli kernel images/4096x40        0   232976   233019   234364 
 2419 joyboy   ./cli kernel images/4096x40        0   235020   235063   236408 
 2423 joyboy   ./cli kernel images/4096x40        0   237880   237923   239268 
 2417 joyboy   ./cli kernel images/4096x40        0   264208   264251   265596 
%CPU %MEM ARGS Sun Oct  4 06:05:17 PM UTC 2026
 0.0  0.0 grep ./cli                    0  2392
70.9  2.5 ./cli kernel images/4096x40   4 206660
84.8  3.1 ./cli kernel images/4096x40   1 252500
85.0  3.1 ./cli kernel images/4096x40   5 254968
85.5  3.1 ./cli kernel images/4096x40   0 257000
93.8  3.5 ./cli kernel images/4096x40   2 284416
  PID User     Command                         Swap      USS      PSS      RSS 
 2490 joyboy   /usr/bin/python3 /run/user/        0     7588     9944    14644 
 2425 joyboy   ./cli kernel images/4096x40        0   213376   213419   214764 
 2421 joyboy   ./cli kernel images/4096x40        0   258588   258631   259976 
 2419 joyboy   ./cli kernel images/4096x40        0   260468   260511   261856 
 2423 joyboy   ./cli kernel images/4096x40        0   263584   263627   264972 
 2417 joyboy   ./cli kernel images/4096x40        0   286540   286583   287928 
%CPU %MEM ARGS Sun Oct  4 06:05:18 PM UTC 2026
 0.0  0.0 grep ./cli                    1  2388
73.0  2.8 ./cli kernel images/4096x40   4 233472
84.1  3.4 ./cli kernel images/4096x40   5 275348
85.9  3.4 ./cli kernel images/4096x40   1 279536
85.9  3.4 ./cli kernel images/4096x40   3 280880
92.7  3.8 ./cli kernel images/4096x40   2 306612
  PID User     Command                         Swap      USS      PSS      RSS 
 2495 joyboy   /usr/bin/python3 /run/user/        0     7588     9931    14604 
 2425 joyboy   ./cli kernel images/4096x40        0   238056   238099   239444 
 2419 joyboy   ./cli kernel images/4096x40        0   279028   279071   280416 
 2421 joyboy   ./cli kernel images/4096x40        0   284220   284263   285608 
 2423 joyboy   ./cli kernel images/4096x40        0   285872   285915   287260 
 2417 joyboy   ./cli kernel images/4096x40        0   310580   310623   311968 
%CPU %MEM ARGS Sun Oct  4 06:05:18 PM UTC 2026
 0.0  0.0 grep ./cli                    2  2388
72.8  3.1 ./cli kernel images/4096x40   4 255284
82.7  3.6 ./cli kernel images/4096x40   5 293344
86.1  3.7 ./cli kernel images/4096x40   1 304344
86.3  3.8 ./cli kernel images/4096x40   2 306544
89.7  3.9 ./cli kernel images/4096x40   3 319680
  PID User     Command                         Swap      USS      PSS      RSS 
 2500 joyboy   /usr/bin/python3 /run/user/        0     7592     9932    14616 
 2425 joyboy   ./cli kernel images/4096x40        0   260864   260907   262252 
 2419 joyboy   ./cli kernel images/4096x40        0   296256   296299   297644 
 2421 joyboy   ./cli kernel images/4096x40        0   306852   306895   308240 
 2423 joyboy   ./cli kernel images/4096x40        0   313300   313343   314688 
 2417 joyboy   ./cli kernel images/4096x40        0   320736   320779   322124 
%CPU %MEM ARGS Sun Oct  4 06:05:19 PM UTC 2026
 0.0  0.0 grep ./cli                    1  2388
73.0  3.4 ./cli kernel images/4096x40   4 278252
81.3  3.8 ./cli kernel images/4096x40   5 310244
85.4  4.0 ./cli kernel images/4096x40   3 326392
85.8  4.0 ./cli kernel images/4096x40   1 326596
88.0  4.1 ./cli kernel images/4096x40   2 337340
  PID User     Command                         Swap      USS      PSS      RSS 
 2505 joyboy   /usr/bin/python3 /run/user/        0     7580     9924    14584 
 2425 joyboy   ./cli kernel images/4096x40        0   281528   281571   282916 
 2419 joyboy   ./cli kernel images/4096x40        0   312960   313003   314348 
 2423 joyboy   ./cli kernel images/4096x40        0   329448   329491   330836 
 2421 joyboy   ./cli kernel images/4096x40        0   332928   332971   334316 
 2417 joyboy   ./cli kernel images/4096x40        0   339388   339431   340776 
%CPU %MEM ARGS Sun Oct  4 06:05:19 PM UTC 2026
 0.0  0.0 grep ./cli                    5  2392
73.3  3.7 ./cli kernel images/4096x40   3 300644
80.3  4.0 ./cli kernel images/4096x40   5 330256
84.1  4.3 ./cli kernel images/4096x40   4 347392
85.4  4.3 ./cli kernel images/4096x40   1 349200
87.3  4.4 ./cli kernel images/4096x40   2 359916
  PID User     Command                         Swap      USS      PSS      RSS 
 2510 joyboy   /usr/bin/python3 /run/user/        0     7588     9944    14644 
 2425 joyboy   ./cli kernel images/4096x40        0   303292   303335   304680 
 2419 joyboy   ./cli kernel images/4096x40        0   335860   335903   337248 
 2423 joyboy   ./cli kernel images/4096x40        0   352568   352611   353956 
 2421 joyboy   ./cli kernel images/4096x40        0   355236   355279   356624 
 2417 joyboy   ./cli kernel images/4096x40        0   365288   365331   366676 
%CPU %MEM ARGS Sun Oct  4 06:05:19 PM UTC 2026
 0.0  0.0 grep ./cli                    5  2392
73.8  3.9 ./cli kernel images/4096x40   3 322472
81.2  4.4 ./cli kernel images/4096x40   5 355852
83.5  4.5 ./cli kernel images/4096x40   4 369424
86.3  4.6 ./cli kernel images/4096x40   1 376000
88.0  4.7 ./cli kernel images/4096x40   2 386496
  PID User     Command                         Swap      USS      PSS      RSS 
 2515 joyboy   /usr/bin/python3 /run/user/        0     7588     9932    14592 
 2425 joyboy   ./cli kernel images/4096x40        0   325460   325503   326848 
 2419 joyboy   ./cli kernel images/4096x40        0   359904   359947   361292 
 2423 joyboy   ./cli kernel images/4096x40        0   375772   375815   377160 
 2421 joyboy   ./cli kernel images/4096x40        0   382396   382439   383784 
 2417 joyboy   ./cli kernel images/4096x40        0   392252   392295   393640 
%CPU %MEM ARGS Sun Oct  4 06:05:19 PM UTC 2026
 0.0  0.0 grep ./cli                    4  2392
74.2  4.2 ./cli kernel images/4096x40   3 344332
80.7  4.6 ./cli kernel images/4096x40   5 375584
84.4  2.4 ./cli kernel images/4096x40   4 198092
86.3  2.4 ./cli kernel images/4096x40   2 198092
88.6  2.4 ./cli kernel images/4096x40   3 198088
  PID User     Command                         Swap      USS      PSS      RSS 
 2520 joyboy   /usr/bin/python3 /run/user/        0     7588     9932    14596 
 2417 joyboy   ./cli kernel images/4096x40        0   196700   196743   198088 
 2421 joyboy   ./cli kernel images/4096x40        0   196704   196747   198092 
 2423 joyboy   ./cli kernel images/4096x40        0   196704   196747   198092 
 2425 joyboy   ./cli kernel images/4096x40        0   350832   350875   352220 
 2419 joyboy   ./cli kernel images/4096x40        0   378620   378663   380008 
%CPU %MEM ARGS Sun Oct  4 06:05:20 PM UTC 2026
 0.0  0.0 grep ./cli                    3  2392
75.2  4.6 ./cli kernel images/4096x40   3 370860
79.6  4.8 ./cli kernel images/4096x40   5 392636
83.0  2.4 ./cli kernel images/4096x40   4 198092
86.0  2.4 ./cli kernel images/4096x40   2 198092
87.8  2.4 ./cli kernel images/4096x40   1 198088
  PID User     Command                         Swap      USS      PSS      RSS 
 2525 joyboy   /usr/bin/python3 /run/user/        0     7584     9926    14604 
 2417 joyboy   ./cli kernel images/4096x40        0   196700   196743   198088 
 2419 joyboy   ./cli kernel images/4096x40        0   196704   196747   198092 
 2421 joyboy   ./cli kernel images/4096x40        0   196704   196747   198092 
 2423 joyboy   ./cli kernel images/4096x40        0   196704   196747   198092 
 2425 joyboy   ./cli kernel images/4096x40        0   377164   377207   378552 
%CPU %MEM ARGS Sun Oct  4 06:05:20 PM UTC 2026
 0.0  0.0 grep ./cli                    1  2392
75.1  4.8 ./cli kernel images/4096x40   3 389744
78.3  2.4 ./cli kernel images/4096x40   5 198092
81.3  2.4 ./cli kernel images/4096x40   3 198092
86.6  2.4 ./cli kernel images/4096x40   2 198092
87.5  2.4 ./cli kernel images/4096x40   1 198088
  PID User     Command                         Swap      USS      PSS      RSS 
 2530 joyboy   /usr/bin/python3 /run/user/        0     7584     9924    14608 
 2417 joyboy   ./cli kernel images/4096x40        0   196700   196743   198088 
 2419 joyboy   ./cli kernel images/4096x40        0   196704   196747   198092 
 2421 joyboy   ./cli kernel images/4096x40        0   196704   196747   198092 
 2423 joyboy   ./cli kernel images/4096x40        0   196704   196747   198092 
 2425 joyboy   ./cli kernel images/4096x40        0   392320   392363   393708 
%CPU %MEM ARGS Sun Oct  4 06:05:20 PM UTC 2026
 0.0  0.0 grep ./cli                    0  2384
75.2  2.4 ./cli kernel images/4096x40   3 198096
79.3  2.4 ./cli kernel images/4096x40   5 198092
80.3  2.4 ./cli kernel images/4096x40   4 198092
87.1  2.4 ./cli kernel images/4096x40   0 198092
87.2  2.4 ./cli kernel images/4096x40   1 198088
  PID User     Command                         Swap      USS      PSS      RSS 
 2535 joyboy   /usr/bin/python3 /run/user/        0     7584     9926    14608 
 2417 joyboy   ./cli kernel images/4096x40        0   196700   196743   198088 
 2419 joyboy   ./cli kernel images/4096x40        0   196704   196747   198092 
 2421 joyboy   ./cli kernel images/4096x40        0   196704   196747   198092 
 2423 joyboy   ./cli kernel images/4096x40        0   196704   196747   198092 
 2425 joyboy   ./cli kernel images/4096x40        0   196708   196751   198096 
%CPU %MEM ARGS Sun Oct  4 06:05:21 PM UTC 2026
 0.0  0.0 grep ./cli                    4  2396
76.2  2.4 ./cli kernel images/4096x40   3 198096
79.8  2.4 ./cli kernel images/4096x40   5 198092
80.2  2.4 ./cli kernel images/4096x40   4 198092
87.1  2.4 ./cli kernel images/4096x40   1 198088
87.2  2.4 ./cli kernel images/4096x40   0 198092
  PID User     Command                         Swap      USS      PSS      RSS 
 2540 joyboy   /usr/bin/python3 /run/user/        0     7584     9926    14608 
 2417 joyboy   ./cli kernel images/4096x40        0   196700   196743   198088 
 2419 joyboy   ./cli kernel images/4096x40        0   196704   196747   198092 
 2421 joyboy   ./cli kernel images/4096x40        0   196704   196747   198092 
 2423 joyboy   ./cli kernel images/4096x40        0   196704   196747   198092 
 2425 joyboy   ./cli kernel images/4096x40        0   196708   196751   198096 
%CPU %MEM ARGS Sun Oct  4 06:05:21 PM UTC 2026
 0.0  0.0 grep ./cli                    1  2396
76.5  2.4 ./cli kernel images/4096x40   3 198096
79.6  2.4 ./cli kernel images/4096x40   1 198092
80.0  2.4 ./cli kernel images/4096x40   4 198092
86.1  2.4 ./cli kernel images/4096x40   0 198092
86.2  2.4 ./cli kernel images/4096x40   5 198088
  PID User     Command                         Swap      USS      PSS      RSS 
 2545 joyboy   /usr/bin/python3 /run/user/        0     7588     9931    14604 
 2417 joyboy   ./cli kernel images/4096x40        0   196700   196743   198088 
 2419 joyboy   ./cli kernel images/4096x40        0   196704   196747   198092 
 2421 joyboy   ./cli kernel images/4096x40        0   196704   196747   198092 
 2423 joyboy   ./cli kernel images/4096x40        0   196704   196747   198092 
 2425 joyboy   ./cli kernel images/4096x40        0   196708   196751   198096 
%CPU %MEM ARGS Sun Oct  4 06:05:21 PM UTC 2026
 0.0  0.0 grep ./cli                    4  2392
76.8  2.4 ./cli kernel images/4096x40   3 198096
78.8  2.4 ./cli kernel images/4096x40   4 198092
79.5  2.4 ./cli kernel images/4096x40   5 198092
85.0  2.4 ./cli kernel images/4096x40   0 198092
86.5  2.4 ./cli kernel images/4096x40   1 198088
  PID User     Command                         Swap      USS      PSS      RSS 
 2550 joyboy   /usr/bin/python3 /run/user/        0     7588     9928    14612 
 2417 joyboy   ./cli kernel images/4096x40        0   196700   196743   198088 
 2419 joyboy   ./cli kernel images/4096x40        0   196704   196747   198092 
 2421 joyboy   ./cli kernel images/4096x40        0   196704   196747   198092 
 2423 joyboy   ./cli kernel images/4096x40        0   196704   196747   198092 
 2425 joyboy   ./cli kernel images/4096x40        0   196708   196751   198096 
%CPU %MEM ARGS Sun Oct  4 06:05:22 PM UTC 2026
 0.0  0.0 grep ./cli                    2  2396
77.0  2.4 ./cli kernel images/4096x40   3 198096
78.5  2.4 ./cli kernel images/4096x40   4 198092
78.9  2.4 ./cli kernel images/4096x40   5 198092
84.0  2.4 ./cli kernel images/4096x40   0 198092
86.4  2.4 ./cli kernel images/4096x40   2 198088
  PID User     Command                         Swap      USS      PSS      RSS 
 2555 joyboy   /usr/bin/python3 /run/user/        0     7588     9932    14612 
 2417 joyboy   ./cli kernel images/4096x40        0   196700   196743   198088 
 2419 joyboy   ./cli kernel images/4096x40        0   196704   196747   198092 
 2421 joyboy   ./cli kernel images/4096x40        0   196704   196747   198092 
 2423 joyboy   ./cli kernel images/4096x40        0   196704   196747   198092 
 2425 joyboy   ./cli kernel images/4096x40        0   196708   196751   198096 
%CPU %MEM ARGS Sun Oct  4 06:05:22 PM UTC 2026
 0.0  0.0 grep ./cli                    5  2388
77.4  2.4 ./cli kernel images/4096x40   2 198096
78.2  2.4 ./cli kernel images/4096x40   3 198092
78.9  2.4 ./cli kernel images/4096x40   5 198092
83.9  2.4 ./cli kernel images/4096x40   0 198092
86.2  2.4 ./cli kernel images/4096x40   4 198088
  PID User     Command                         Swap      USS      PSS      RSS 
 2560 joyboy   /usr/bin/python3 /run/user/        0     7588     9930    14612 
 2417 joyboy   ./cli kernel images/4096x40        0   196700   196743   198088 
 2419 joyboy   ./cli kernel images/4096x40        0   196704   196747   198092 
 2421 joyboy   ./cli kernel images/4096x40        0   196704   196747   198092 
 2423 joyboy   ./cli kernel images/4096x40        0   196704   196747   198092 
 2425 joyboy   ./cli kernel images/4096x40        0   196708   196751   198096 
%CPU %MEM ARGS Sun Oct  4 06:05:22 PM UTC 2026
 0.0  0.0 grep ./cli                    3  2388
77.6  2.4 ./cli kernel images/4096x40   2 198096
78.3  2.4 ./cli kernel images/4096x40   3 198092
79.7  2.4 ./cli kernel images/4096x40   5 198092
83.7  2.4 ./cli kernel images/4096x40   0 198092
86.7  2.4 ./cli kernel images/4096x40   4 198088
  PID User     Command                         Swap      USS      PSS      RSS 
 2565 joyboy   /usr/bin/python3 /run/user/        0     7584     9928    14592 
 2417 joyboy   ./cli kernel images/4096x40        0   196700   196743   198088 
 2419 joyboy   ./cli kernel images/4096x40        0   196704   196747   198092 
 2421 joyboy   ./cli kernel images/4096x40        0   196704   196747   198092 
 2423 joyboy   ./cli kernel images/4096x40        0   196704   196747   198092 
 2425 joyboy   ./cli kernel images/4096x40        0   196708   196751   198096 
%CPU %MEM ARGS Sun Oct  4 06:05:23 PM UTC 2026
 0.0  0.0 grep ./cli                    5  2392
77.5  2.4 ./cli kernel images/4096x40   2 198096
78.6  2.4 ./cli kernel images/4096x40   2 198092
79.0  2.4 ./cli kernel images/4096x40   3 198092
82.9  2.4 ./cli kernel images/4096x40   0 198092
86.7  2.4 ./cli kernel images/4096x40   4 198088
  PID User     Command                         Swap      USS      PSS      RSS 
 2570 joyboy   /usr/bin/python3 /run/user/        0     7588     9931    14596 
 2417 joyboy   ./cli kernel images/4096x40        0   196700   196743   198088 
 2419 joyboy   ./cli kernel images/4096x40        0   196704   196747   198092 
 2421 joyboy   ./cli kernel images/4096x40        0   196704   196747   198092 
 2423 joyboy   ./cli kernel images/4096x40        0   196704   196747   198092 
 2425 joyboy   ./cli kernel images/4096x40        0   196708   196751   198096 
%CPU %MEM ARGS Sun Oct  4 06:05:23 PM UTC 2026
 0.0  0.0 grep ./cli                    0  2396
76.4  2.4 ./cli kernel images/4096x40   3 198096
78.3  2.4 ./cli kernel images/4096x40   2 198092
79.3  2.4 ./cli kernel images/4096x40   5 198092
82.2  2.4 ./cli kernel images/4096x40   0 198092
86.0  2.4 ./cli kernel images/4096x40   4 198088
  PID User     Command                         Swap      USS      PSS      RSS 
 2575 joyboy   /usr/bin/python3 /run/user/        0     7568     9918    14628 
 2417 joyboy   ./cli kernel images/4096x40        0   196700   196743   198088 
 2419 joyboy   ./cli kernel images/4096x40        0   196704   196747   198092 
 2421 joyboy   ./cli kernel images/4096x40        0   196704   196747   198092 
 2423 joyboy   ./cli kernel images/4096x40        0   196704   196747   198092 
 2425 joyboy   ./cli kernel images/4096x40        0   196708   196751   198096 
%CPU %MEM ARGS Sun Oct  4 06:05:23 PM UTC 2026
 0.0  0.0 grep ./cli                    2  2388
76.6  2.4 ./cli kernel images/4096x40   3 198096
79.0  2.4 ./cli kernel images/4096x40   2 198092
79.3  2.4 ./cli kernel images/4096x40   5 198092
82.4  2.4 ./cli kernel images/4096x40   0 198092
  PID User     Command                         Swap      USS      PSS      RSS 
 2580 joyboy   /usr/bin/python3 /run/user/        0     7588     9931    14612 
 2419 joyboy   ./cli kernel images/4096x40        0   196704   196751   198092 
 2421 joyboy   ./cli kernel images/4096x40        0   196704   196751   198092 
 2423 joyboy   ./cli kernel images/4096x40        0   196704   196751   198092 
 2425 joyboy   ./cli kernel images/4096x40        0   196708   196755   198096 
%CPU %MEM ARGS Sun Oct  4 06:05:24 PM UTC 2026
 0.0  0.0 grep ./cli                    0  2396
77.1  2.4 ./cli kernel images/4096x40   3 198096
79.6  2.4 ./cli kernel images/4096x40   2 198092
79.8  2.4 ./cli kernel images/4096x40   5 198092
82.8  2.4 ./cli kernel images/4096x40   0 198092
  PID User     Command                         Swap      USS      PSS      RSS 
 2585 joyboy   /usr/bin/python3 /run/user/        0     7584     9927    14608 
 2419 joyboy   ./cli kernel images/4096x40        0   196704   196751   198092 
 2421 joyboy   ./cli kernel images/4096x40        0   196704   196751   198092 
 2423 joyboy   ./cli kernel images/4096x40        0   196704   196751   198092 
 2425 joyboy   ./cli kernel images/4096x40        0   196708   196755   198096 
%CPU %MEM ARGS Sun Oct  4 06:05:24 PM UTC 2026
 0.0  0.0 grep ./cli                    0  2392
77.9  2.4 ./cli kernel images/4096x40   0 198096
79.7  2.4 ./cli kernel images/4096x40   2 198092
79.9  2.4 ./cli kernel images/4096x40   5 198092
  PID User     Command                         Swap      USS      PSS      RSS 
 2590 joyboy   /usr/bin/python3 /run/user/        0     7588     9934    14596 
 2419 joyboy   ./cli kernel images/4096x40        0   196704   196753   198092 
 2423 joyboy   ./cli kernel images/4096x40        0   196704   196753   198092 
 2425 joyboy   ./cli kernel images/4096x40        0   196708   196757   198096 
%CPU %MEM ARGS Sun Oct  4 06:05:24 PM UTC 2026
 0.0  0.0 grep ./cli                    3  2392
78.3  2.4 ./cli kernel images/4096x40   0 198096
  PID User     Command                         Swap      USS      PSS      RSS 
 2595 joyboy   /usr/bin/python3 /run/user/        0     7560     9910    14576 
 2425 joyboy   ./cli kernel images/4096x40        0   196724   196772   198096 
