%CPU %MEM ARGS Sun Oct  4 06:03:44 PM UTC 2026
 0.0  0.0 ./cli kernel images/4096x40   3  1868
 0.0  0.0 grep ./cli                    0  2388
  PID User     Command                         Swap      USS      PSS      RSS 
 1774 joyboy   ./cli kernel images/4096x40        0     3388     3435     4760 
 1771 joyboy   /usr/bin/python3 /run/user/        0     7468     9801    14492 
%CPU %MEM ARGS Sun Oct  4 06:03:44 PM UTC 2026
 0.0  0.0 grep ./cli                    0  2396
96.1  0.2 ./cli kernel images/4096x40   3 19636
  PID User     Command                         Swap      USS      PSS      RSS 
 1779 joyboy   /usr/bin/python3 /run/user/        0     7564     9898    14588 
 1774 joyboy   ./cli kernel images/4096x40        0    21724    21771    23096 
%CPU %MEM ARGS Sun Oct  4 06:03:44 PM UTC 2026
 0.0  0.0 grep ./cli                    4  2396
96.1  0.4 ./cli kernel images/4096x40   3 38148
  PID User     Command                         Swap      USS      PSS      RSS 
 1784 joyboy   /usr/bin/python3 /run/user/        0     7560     9908    14616 
 1774 joyboy   ./cli kernel images/4096x40        0    39700    39747    41072 
%CPU %MEM ARGS Sun Oct  4 06:03:45 PM UTC 2026
 0.0  0.0 grep ./cli                    0  2396
98.7  0.6 ./cli kernel images/4096x40   3 56280
  PID User     Command                         Swap      USS      PSS      RSS 
 1789 joyboy   /usr/bin/python3 /run/user/        0     7560     9897    14560 
 1774 joyboy   ./cli kernel images/4096x40        0    58064    58111    59436 
%CPU %MEM ARGS Sun Oct  4 06:03:45 PM UTC 2026
 0.0  0.0 grep ./cli                    2  2392
 100  0.9 ./cli kernel images/4096x40   3 74568
  PID User     Command                         Swap      USS      PSS      RSS 
 1794 joyboy   /usr/bin/python3 /run/user/        0     7564     9912    14620 
 1774 joyboy   ./cli kernel images/4096x40        0    76096    76143    77468 
%CPU %MEM ARGS Sun Oct  4 06:03:45 PM UTC 2026
 0.0  0.0 grep ./cli                    1  2396
98.4  1.1 ./cli kernel images/4096x40   3 92576
  PID User     Command                         Swap      USS      PSS      RSS 
 1799 joyboy   /usr/bin/python3 /run/user/        0     7564     9932    14652 
 1774 joyboy   ./cli kernel images/4096x40        0    94100    94147    95472 
%CPU %MEM ARGS Sun Oct  4 06:03:45 PM UTC 2026
 0.0  0.0 grep ./cli                    2  2396
99.3  1.3 ./cli kernel images/4096x40   3 110876
  PID User     Command                         Swap      USS      PSS      RSS 
 1804 joyboy   /usr/bin/python3 /run/user/        0     7564     9900    14568 
 1774 joyboy   ./cli kernel images/4096x40        0   112588   112635   113960 
%CPU %MEM ARGS Sun Oct  4 06:03:46 PM UTC 2026
 0.0  0.0 grep ./cli                    5  2396
98.8  1.6 ./cli kernel images/4096x40   3 129252
  PID User     Command                         Swap      USS      PSS      RSS 
 1809 joyboy   /usr/bin/python3 /run/user/        0     7560     9928    14648 
 1774 joyboy   ./cli kernel images/4096x40        0   130812   130859   132184 
%CPU %MEM ARGS Sun Oct  4 06:03:46 PM UTC 2026
 0.0  0.0 grep ./cli                    2  2396
99.5  1.8 ./cli kernel images/4096x40   3 147168
  PID User     Command                         Swap      USS      PSS      RSS 
 1814 joyboy   /usr/bin/python3 /run/user/        0     7560     9908    14616 
 1774 joyboy   ./cli kernel images/4096x40        0   148856   148903   150228 
%CPU %MEM ARGS Sun Oct  4 06:03:46 PM UTC 2026
 0.0  0.0 grep ./cli                    2  2388
99.5  2.0 ./cli kernel images/4096x40   3 165372
  PID User     Command                         Swap      USS      PSS      RSS 
 1819 joyboy   /usr/bin/python3 /run/user/        0     7560     9892    14584 
 1774 joyboy   ./cli kernel images/4096x40        0   166884   166931   168256 
%CPU %MEM ARGS Sun Oct  4 06:03:46 PM UTC 2026
 0.0  0.0 grep ./cli                    0  2392
 100  2.2 ./cli kernel images/4096x40   3 183536
  PID User     Command                         Swap      USS      PSS      RSS 
 1824 joyboy   /usr/bin/python3 /run/user/        0     7560     9908    14616 
 1774 joyboy   ./cli kernel images/4096x40        0   185136   185183   186508 
%CPU %MEM ARGS Sun Oct  4 06:03:47 PM UTC 2026
 0.0  0.0 grep ./cli                    5  2396
99.6  2.5 ./cli kernel images/4096x40   3 202004
  PID User     Command                         Swap      USS      PSS      RSS 
 1829 joyboy   /usr/bin/python3 /run/user/        0     7572     9914    14632 
 1774 joyboy   ./cli kernel images/4096x40        0   204064   204111   205436 
%CPU %MEM ARGS Sun Oct  4 06:03:47 PM UTC 2026
 0.0  0.0 grep ./cli                    2  2392
99.3  2.7 ./cli kernel images/4096x40   3 223148
  PID User     Command                         Swap      USS      PSS      RSS 
 1834 joyboy   /usr/bin/python3 /run/user/        0     7564     9912    14620 
 1774 joyboy   ./cli kernel images/4096x40        0   225452   225499   226824 
%CPU %MEM ARGS Sun Oct  4 06:03:47 PM UTC 2026
 0.0  0.0 grep ./cli                    2  2392
99.6  3.0 ./cli kernel images/4096x40   3 244868
  PID User     Command                         Swap      USS      PSS      RSS 
 1839 joyboy   /usr/bin/python3 /run/user/        0     7556     9888    14580 
 1774 joyboy   ./cli kernel images/4096x40        0   246952   246999   248324 
%CPU %MEM ARGS Sun Oct  4 06:03:47 PM UTC 2026
 0.0  0.0 grep ./cli                    2  2392
99.7  3.3 ./cli kernel images/4096x40   3 266384
  PID User     Command                         Swap      USS      PSS      RSS 
 1844 joyboy   /usr/bin/python3 /run/user/        0     7564     9899    14580 
 1774 joyboy   ./cli kernel images/4096x40        0   268452   268499   269824 
%CPU %MEM ARGS Sun Oct  4 06:03:48 PM UTC 2026
 0.0  0.0 grep ./cli                    1  2396
99.7  3.5 ./cli kernel images/4096x40   3 287420
  PID User     Command                         Swap      USS      PSS      RSS 
 1849 joyboy   /usr/bin/python3 /run/user/        0     7564     9896    14588 
 1774 joyboy   ./cli kernel images/4096x40        0   289564   289611   290936 
%CPU %MEM ARGS Sun Oct  4 06:03:48 PM UTC 2026
 0.0  0.0 grep ./cli                    2  2388
99.5  3.8 ./cli kernel images/4096x40   3 308708
  PID User     Command                         Swap      USS      PSS      RSS 
 1856 joyboy   /usr/bin/python3 /run/user/        0     7560     9907    14612 
 1774 joyboy   ./cli kernel images/4096x40        0   310872   310919   312244 
%CPU %MEM ARGS Sun Oct  4 06:03:48 PM UTC 2026
 0.0  0.0 grep ./cli                    0  2392
 100  4.0 ./cli kernel images/4096x40   3 330496
  PID User     Command                         Swap      USS      PSS      RSS 
 1861 joyboy   /usr/bin/python3 /run/user/        0     7560     9893    14584 
 1774 joyboy   ./cli kernel images/4096x40        0   332648   332695   334020 
%CPU %MEM ARGS Sun Oct  4 06:03:48 PM UTC 2026
 0.0  0.0 grep ./cli                    1  2388
99.7  4.3 ./cli kernel images/4096x40   3 352036
  PID User     Command                         Swap      USS      PSS      RSS 
 1866 joyboy   /usr/bin/python3 /run/user/        0     7560     9896    14568 
 1774 joyboy   ./cli kernel images/4096x40        0   354088   354135   355460 
%CPU %MEM ARGS Sun Oct  4 06:03:49 PM UTC 2026
 0.0  0.0 grep ./cli                    0  2392
99.7  4.6 ./cli kernel images/4096x40   3 373312
  PID User     Command                         Swap      USS      PSS      RSS 
 1871 joyboy   /usr/bin/python3 /run/user/        0     7560     9907    14612 
 1774 joyboy   ./cli kernel images/4096x40        0   375696   375743   377068 
%CPU %MEM ARGS Sun Oct  4 06:03:49 PM UTC 2026
 0.0  0.0 grep ./cli                    2  2392
 100  3.8 ./cli kernel images/4096x40   3 308684
  PID User     Command                         Swap      USS      PSS      RSS 
 1876 joyboy   /usr/bin/python3 /run/user/        0     7564     9900    14572 
 1774 joyboy   ./cli kernel images/4096x40        0   196720   196767   198092 
%CPU %MEM ARGS Sun Oct  4 06:03:49 PM UTC 2026
 0.0  0.0 grep ./cli                    1  2392
99.8  2.4 ./cli kernel images/4096x40   3 198092
  PID User     Command                         Swap      USS      PSS      RSS 
 1881 joyboy   /usr/bin/python3 /run/user/        0     7560     9928    14648 
 1774 joyboy   ./cli kernel images/4096x40        0   196720   196767   198092 
%CPU %MEM ARGS Sun Oct  4 06:03:49 PM UTC 2026
 0.0  0.0 grep ./cli                    5  2388
99.6  2.4 ./cli kernel images/4096x40   3 198092
  PID User     Command                         Swap      USS      PSS      RSS 
 1886 joyboy   /usr/bin/python3 /run/user/        0     7568     9900    14592 
 1774 joyboy   ./cli kernel images/4096x40        0   196720   196767   198092 
%CPU %MEM ARGS Sun Oct  4 06:03:50 PM UTC 2026
 0.0  0.0 grep ./cli                    0  2396
 100  2.4 ./cli kernel images/4096x40   3 198092
  PID User     Command                         Swap      USS      PSS      RSS 
 1891 joyboy   /usr/bin/python3 /run/user/        0     7560     9893    14584 
 1774 joyboy   ./cli kernel images/4096x40        0   196720   196767   198092 
%CPU %MEM ARGS Sun Oct  4 06:03:50 PM UTC 2026
 0.0  0.0 grep ./cli                    1  2388
 100  2.4 ./cli kernel images/4096x40   3 198092
  PID User     Command                         Swap      USS      PSS      RSS 
 1896 joyboy   /usr/bin/python3 /run/user/        0     7564     9912    14620 
 1774 joyboy   ./cli kernel images/4096x40        0   196720   196767   198092 
%CPU %MEM ARGS Sun Oct  4 06:03:50 PM UTC 2026
 0.0  0.0 grep ./cli                    1  2368
99.8  2.4 ./cli kernel images/4096x40   3 198092
  PID User     Command                         Swap      USS      PSS      RSS 
 1901 joyboy   /usr/bin/python3 /run/user/        0     7560     9893    14584 
 1774 joyboy   ./cli kernel images/4096x40        0   196720   196767   198092 
%CPU %MEM ARGS Sun Oct  4 06:03:50 PM UTC 2026
 0.0  0.0 grep ./cli                    2  2396
 100  2.4 ./cli kernel images/4096x40   3 198092
  PID User     Command                         Swap      USS      PSS      RSS 
 1906 joyboy   /usr/bin/python3 /run/user/        0     7564     9896    14588 
 1774 joyboy   ./cli kernel images/4096x40        0   196720   196767   198092 
%CPU %MEM ARGS Sun Oct  4 06:03:51 PM UTC 2026
 0.0  0.0 grep ./cli                    1  2392
99.8  2.4 ./cli kernel images/4096x40   3 198092
  PID User     Command                         Swap      USS      PSS      RSS 
 1911 joyboy   /usr/bin/python3 /run/user/        0     7560     9892    14584 
 1774 joyboy   ./cli kernel images/4096x40        0   196720   196767   198092 
%CPU %MEM ARGS Sun Oct  4 06:03:51 PM UTC 2026
 0.0  0.0 grep ./cli                    1  2392
 100  2.4 ./cli kernel images/4096x40   3 198092
  PID User     Command                         Swap      USS      PSS      RSS 
 1916 joyboy   /usr/bin/python3 /run/user/        0     7560     9907    14612 
 1774 joyboy   ./cli kernel images/4096x40        0   196720   196767   198092 
%CPU %MEM ARGS Sun Oct  4 06:03:51 PM UTC 2026
 0.0  0.0 grep ./cli                    2  2392
99.7  2.4 ./cli kernel images/4096x40   3 198092
  PID User     Command                         Swap      USS      PSS      RSS 
 1921 joyboy   /usr/bin/python3 /run/user/        0     7560     9893    14584 
 1774 joyboy   ./cli kernel images/4096x40        0   196720   196767   198092 
%CPU %MEM ARGS Sun Oct  4 06:03:51 PM UTC 2026
 0.0  0.0 grep ./cli                    0  2392
99.8  2.4 ./cli kernel images/4096x40   3 198092
  PID User     Command                         Swap      USS      PSS      RSS 
 1926 joyboy   /usr/bin/python3 /run/user/        0     7560     9894    14584 
 1774 joyboy   ./cli kernel images/4096x40        0   196720   196767   198092 
%CPU %MEM ARGS Sun Oct  4 06:03:52 PM UTC 2026
 0.0  0.0 grep ./cli                    5  2392
99.8  2.4 ./cli kernel images/4096x40   3 198092
  PID User     Command                         Swap      USS      PSS      RSS 
 1931 joyboy   /usr/bin/python3 /run/user/        0     7564     9901    14564 
 1774 joyboy   ./cli kernel images/4096x40        0   196720   196767   198092 
%CPU %MEM ARGS Sun Oct  4 06:03:52 PM UTC 2026
 0.0  0.0 grep ./cli                    5  2396
 100  2.4 ./cli kernel images/4096x40   3 198092
  PID User     Command                         Swap      USS      PSS      RSS 
 1936 joyboy   /usr/bin/python3 /run/user/        0     7564     9911    14616 
 1774 joyboy   ./cli kernel images/4096x40        0   196720   196767   198092 
%CPU %MEM ARGS Sun Oct  4 06:03:52 PM UTC 2026
 0.0  0.0 grep ./cli                    1  2392
 100  2.4 ./cli kernel images/4096x40   3 198092
  PID User     Command                         Swap      USS      PSS      RSS 
 1941 joyboy   /usr/bin/python3 /run/user/        0     7564     9900    14588 
 1774 joyboy   ./cli kernel images/4096x40        0   196720   196767   198092 
