%CPU %MEM ARGS Sun Oct  4 06:04:06 PM UTC 2026
 0.0  0.0 grep ./cli                    4  2392
 0.0  0.0 ./cli mmap images/4096x4096   1  1940
 0.0  0.0 ./cli mmap images/4096x4096   3  1912
  PID User     Command                         Swap      USS      PSS      RSS 
 2160 joyboy   ./cli mmap images/4096x4096        0     3848     4659     9080 
 2154 joyboy   ./cli mmap images/4096x4096        0     4508     5492    10380 
 2156 joyboy   ./cli mmap images/4096x4096        0     7224     9173    15848 
 2162 joyboy   ./cli mmap images/4096x4096        0     7332     9237    16020 
 2158 joyboy   ./cli mmap images/4096x4096        0     7500     9439    16116 
 2149 joyboy   /usr/bin/python3 /run/user/        0     7460     9803    14476 
%CPU %MEM ARGS Sun Oct  4 06:04:06 PM UTC 2026
 0.0  0.0 grep ./cli                    4  2392
45.1  0.3 ./cli mmap images/4096x4096   3 26140
80.6  0.5 ./cli mmap images/4096x4096   2 42748
93.5  0.6 ./cli mmap images/4096x4096   2 50916
 100  0.6 ./cli mmap images/4096x4096   4 53748
 100  0.6 ./cli mmap images/4096x4096   5 51456
  PID User     Command                         Swap      USS      PSS      RSS 
 2165 joyboy   /usr/bin/python3 /run/user/        0     7592     9924    14576 
 2154 joyboy   ./cli mmap images/4096x4096        0    16064    19320    33520 
 2160 joyboy   ./cli mmap images/4096x4096        0    24348    29668    50060 
 2156 joyboy   ./cli mmap images/4096x4096        0    28376    35051    58120 
 2162 joyboy   ./cli mmap images/4096x4096        0    32624    41371    66656 
 2158 joyboy   ./cli mmap images/4096x4096        0    34464    43085    68104 
%CPU %MEM ARGS Sun Oct  4 06:04:07 PM UTC 2026
 0.0  0.0 grep ./cli                    4  2396
62.5  0.8 ./cli mmap images/4096x4096   2 69360
65.6  0.8 ./cli mmap images/4096x4096   3 71656
71.8  0.9 ./cli mmap images/4096x4096   2 77944
84.1  1.1 ./cli mmap images/4096x4096   5 89836
98.4  1.3 ./cli mmap images/4096x4096   4 107032
  PID User     Command                         Swap      USS      PSS      RSS 
 2170 joyboy   /usr/bin/python3 /run/user/        0     7592     9932    14616 
 2160 joyboy   ./cli mmap images/4096x4096        0    37620    45190    76644 
 2154 joyboy   ./cli mmap images/4096x4096        0    38544    46350    78464 
 2156 joyboy   ./cli mmap images/4096x4096        0    41776    50636    84960 
 2162 joyboy   ./cli mmap images/4096x4096        0    47872    59699    97136 
 2158 joyboy   ./cli mmap images/4096x4096        0    72412    84206   121476 
%CPU %MEM ARGS Sun Oct  4 06:04:07 PM UTC 2026
 0.0  0.0 grep ./cli                    3  2388
55.6  1.1 ./cli mmap images/4096x4096   1 90652
69.0  1.4 ./cli mmap images/4096x4096   2 114940
71.1  1.4 ./cli mmap images/4096x4096   3 115984
81.2  1.6 ./cli mmap images/4096x4096   5 133276
93.8  1.9 ./cli mmap images/4096x4096   4 154764
  PID User     Command                         Swap      USS      PSS      RSS 
 2175 joyboy   /usr/bin/python3 /run/user/        0     7600     9944    14604 
 2160 joyboy   ./cli mmap images/4096x4096        0    47272    56774    95960 
 2156 joyboy   ./cli mmap images/4096x4096        0    61008    73947   123392 
 2154 joyboy   ./cli mmap images/4096x4096        0    64012    78048   129660 
 2162 joyboy   ./cli mmap images/4096x4096        0    69716    86317   140804 
 2158 joyboy   ./cli mmap images/4096x4096        0    98208   114795   169032 
%CPU %MEM ARGS Sun Oct  4 06:04:07 PM UTC 2026
 0.0  0.0 grep ./cli                    2  2392
57.0  1.5 ./cli mmap images/4096x4096   1 122116
71.0  1.9 ./cli mmap images/4096x4096   2 154084
78.1  2.0 ./cli mmap images/4096x4096   3 168424
82.6  2.1 ./cli mmap images/4096x4096   5 176916
96.0  2.5 ./cli mmap images/4096x4096   4 206320
  PID User     Command                         Swap      USS      PSS      RSS 
 2180 joyboy   /usr/bin/python3 /run/user/        0     7592     9921    14536 
 2160 joyboy   ./cli mmap images/4096x4096        0    67916    81540   137212 
 2156 joyboy   ./cli mmap images/4096x4096        0    83404   100922   168188 
 2154 joyboy   ./cli mmap images/4096x4096        0    87012   105742   175380 
 2162 joyboy   ./cli mmap images/4096x4096        0    95472   118368   192608 
 2158 joyboy   ./cli mmap images/4096x4096        0   124400   147150   221016 
%CPU %MEM ARGS Sun Oct  4 06:04:08 PM UTC 2026
 0.0  0.0 grep ./cli                    1  2392
65.2  2.1 ./cli mmap images/4096x4096   1 175336
77.0  2.5 ./cli mmap images/4096x4096   3 206828
78.8  2.6 ./cli mmap images/4096x4096   3 212612
85.6  2.8 ./cli mmap images/4096x4096   5 230300
95.6  3.2 ./cli mmap images/4096x4096   4 259068
  PID User     Command                         Swap      USS      PSS      RSS 
 2185 joyboy   /usr/bin/python3 /run/user/        0     7596     9939    14604 
 2160 joyboy   ./cli mmap images/4096x4096        0    92036   110486   185460 
 2156 joyboy   ./cli mmap images/4096x4096        0   105108   126844   211588 
 2154 joyboy   ./cli mmap images/4096x4096        0   107836   130501   217068 
 2162 joyboy   ./cli mmap images/4096x4096        0   119672   148131   240744 
 2158 joyboy   ./cli mmap images/4096x4096        0   148072   176448   268880 
%CPU %MEM ARGS Sun Oct  4 06:04:08 PM UTC 2026
 0.0  0.0 grep ./cli                    3  2388
66.3  2.5 ./cli mmap images/4096x4096   1 209312
73.1  2.8 ./cli mmap images/4096x4096   0 233604
76.3  3.0 ./cli mmap images/4096x4096   3 243580
87.3  3.4 ./cli mmap images/4096x4096   5 276736
96.3  3.7 ./cli mmap images/4096x4096   4 303892
  PID User     Command                         Swap      USS      PSS      RSS 
 2190 joyboy   /usr/bin/python3 /run/user/        0     7592     9936    14600 
 2160 joyboy   ./cli mmap images/4096x4096        0   108320   130046   218128 
 2156 joyboy   ./cli mmap images/4096x4096        0   119444   143942   240260 
 2154 joyboy   ./cli mmap images/4096x4096        0   127896   155237   257224 
 2162 joyboy   ./cli mmap images/4096x4096        0   145252   181013   291924 
 2158 joyboy   ./cli mmap images/4096x4096        0   162856   198619   309264 
%CPU %MEM ARGS Sun Oct  4 06:04:08 PM UTC 2026
 0.0  0.0 grep ./cli                    3  2396
63.5  2.9 ./cli mmap images/4096x4096   1 235928
74.7  3.4 ./cli mmap images/4096x4096   0 277016
80.1  3.6 ./cli mmap images/4096x4096   2 296292
84.1  3.8 ./cli mmap images/4096x4096   5 310632
88.7  4.0 ./cli mmap images/4096x4096   5 328556
  PID User     Command                         Swap      USS      PSS      RSS 
 2195 joyboy   /usr/bin/python3 /run/user/        0     7604     9954    14664 
 2160 joyboy   ./cli mmap images/4096x4096        0   122344   146861   246104 
 2156 joyboy   ./cli mmap images/4096x4096        0   142344   171885   286136 
 2154 joyboy   ./cli mmap images/4096x4096        0   150932   183357   303300 
 2162 joyboy   ./cli mmap images/4096x4096        0   157780   193437   316996 
 2158 joyboy   ./cli mmap images/4096x4096        0   175836   211461   334788 
%CPU %MEM ARGS Sun Oct  4 06:04:08 PM UTC 2026
 0.0  0.0 grep ./cli                    3  2388
67.4  3.5 ./cli mmap images/4096x4096   1 283256
77.3  4.0 ./cli mmap images/4096x4096   0 324220
81.3  4.2 ./cli mmap images/4096x4096   3 341532
84.4  4.3 ./cli mmap images/4096x4096   2 352624
88.0  4.5 ./cli mmap images/4096x4096   5 370408
  PID User     Command                         Swap      USS      PSS      RSS 
 2200 joyboy   /usr/bin/python3 /run/user/        0     7596     9972    14684 
 2160 joyboy   ./cli mmap images/4096x4096        0   144956   173991   291308 
 2156 joyboy   ./cli mmap images/4096x4096        0   168680   203728   339032 
 2154 joyboy   ./cli mmap images/4096x4096        0   177112   214941   355656 
 2162 joyboy   ./cli mmap images/4096x4096        0   183840   224763   369424 
 2158 joyboy   ./cli mmap images/4096x4096        0   199484   240212   384164 
%CPU %MEM ARGS Sun Oct  4 06:04:09 PM UTC 2026
 0.0  0.0 grep ./cli                    2  2396
69.2  4.0 ./cli mmap images/4096x4096   1 328468
79.0  4.6 ./cli mmap images/4096x4096   0 377744
81.8  4.8 ./cli mmap images/4096x4096   3 389768
85.6  2.4 ./cli mmap images/4096x4096   2 198088
87.0  2.4 ./cli mmap images/4096x4096   5 198088
  PID User     Command                         Swap      USS      PSS      RSS 
 2205 joyboy   /usr/bin/python3 /run/user/        0     7588     9930    14608 
 2162 joyboy   ./cli mmap images/4096x4096        0   196700   196743   198088 
 2154 joyboy   ./cli mmap images/4096x4096        0   196704   196747   198092 
 2158 joyboy   ./cli mmap images/4096x4096        0   196708   196751   198088 
 2160 joyboy   ./cli mmap images/4096x4096        0   171124   256865   343908 
 2156 joyboy   ./cli mmap images/4096x4096        0   212752   298109   384768 
%CPU %MEM ARGS Sun Oct  4 06:04:09 PM UTC 2026
 0.0  0.0 grep ./cli                    0  2392
71.6  4.7 ./cli mmap images/4096x4096   1 379528
79.5  2.4 ./cli mmap images/4096x4096   0 198092
80.5  2.4 ./cli mmap images/4096x4096   3 198092
86.7  2.4 ./cli mmap images/4096x4096   2 198088
87.7  2.4 ./cli mmap images/4096x4096   5 198088
  PID User     Command                         Swap      USS      PSS      RSS 
 2210 joyboy   /usr/bin/python3 /run/user/        0     7592     9936    14596 
 2162 joyboy   ./cli mmap images/4096x4096        0   196700   196743   198088 
 2154 joyboy   ./cli mmap images/4096x4096        0   196704   196747   198092 
 2156 joyboy   ./cli mmap images/4096x4096        0   196704   196747   198092 
 2158 joyboy   ./cli mmap images/4096x4096        0   196708   196751   198088 
 2160 joyboy   ./cli mmap images/4096x4096        0   385604   385647   386992 
%CPU %MEM ARGS Sun Oct  4 06:04:09 PM UTC 2026
 0.0  0.0 grep ./cli                    1  2392
72.1  2.4 ./cli mmap images/4096x4096   1 198092
78.6  2.4 ./cli mmap images/4096x4096   3 198092
81.2  2.4 ./cli mmap images/4096x4096   0 198092
83.4  2.4 ./cli mmap images/4096x4096   2 198088
89.2  2.4 ./cli mmap images/4096x4096   5 198088
  PID User     Command                         Swap      USS      PSS      RSS 
 2215 joyboy   /usr/bin/python3 /run/user/        0     7584     9924    14608 
 2162 joyboy   ./cli mmap images/4096x4096        0   196700   196743   198088 
 2154 joyboy   ./cli mmap images/4096x4096        0   196704   196747   198092 
 2156 joyboy   ./cli mmap images/4096x4096        0   196704   196747   198092 
 2160 joyboy   ./cli mmap images/4096x4096        0   196704   196747   198092 
 2158 joyboy   ./cli mmap images/4096x4096        0   196708   196751   198088 
%CPU %MEM ARGS Sun Oct  4 06:04:10 PM UTC 2026
 0.0  0.0 grep ./cli                    5  2392
73.5  2.4 ./cli mmap images/4096x4096   1 198092
76.8  2.4 ./cli mmap images/4096x4096   3 198092
80.2  2.4 ./cli mmap images/4096x4096   2 198088
81.2  2.4 ./cli mmap images/4096x4096   0 198092
87.7  2.4 ./cli mmap images/4096x4096   5 198088
  PID User     Command                         Swap      USS      PSS      RSS 
 2220 joyboy   /usr/bin/python3 /run/user/        0     7588     9943    14640 
 2162 joyboy   ./cli mmap images/4096x4096        0   196700   196743   198088 
 2154 joyboy   ./cli mmap images/4096x4096        0   196704   196747   198092 
 2156 joyboy   ./cli mmap images/4096x4096        0   196704   196747   198092 
 2160 joyboy   ./cli mmap images/4096x4096        0   196704   196747   198092 
 2158 joyboy   ./cli mmap images/4096x4096        0   196708   196751   198088 
%CPU %MEM ARGS Sun Oct  4 06:04:10 PM UTC 2026
 0.0  0.0 grep ./cli                    2  2392
74.3  2.4 ./cli mmap images/4096x4096   1 198092
78.8  2.4 ./cli mmap images/4096x4096   3 198092
81.9  2.4 ./cli mmap images/4096x4096   2 198088
82.7  2.4 ./cli mmap images/4096x4096   0 198092
88.4  2.4 ./cli mmap images/4096x4096   5 198088
  PID User     Command                         Swap      USS      PSS      RSS 
 2225 joyboy   /usr/bin/python3 /run/user/        0     7588     9927    14564 
 2162 joyboy   ./cli mmap images/4096x4096        0   196700   196743   198088 
 2154 joyboy   ./cli mmap images/4096x4096        0   196704   196747   198092 
 2156 joyboy   ./cli mmap images/4096x4096        0   196704   196747   198092 
 2160 joyboy   ./cli mmap images/4096x4096        0   196704   196747   198092 
 2158 joyboy   ./cli mmap images/4096x4096        0   196708   196751   198088 
%CPU %MEM ARGS Sun Oct  4 06:04:10 PM UTC 2026
 0.0  0.0 grep ./cli                    5  2388
76.0  2.4 ./cli mmap images/4096x4096   1 198092
77.8  2.4 ./cli mmap images/4096x4096   0 198092
82.9  2.4 ./cli mmap images/4096x4096   2 198088
83.4  2.4 ./cli mmap images/4096x4096   3 198092
88.5  2.4 ./cli mmap images/4096x4096   5 198088
  PID User     Command                         Swap      USS      PSS      RSS 
 2230 joyboy   /usr/bin/python3 /run/user/        0     7588     9928    14612 
 2162 joyboy   ./cli mmap images/4096x4096        0   196700   196743   198088 
 2154 joyboy   ./cli mmap images/4096x4096        0   196704   196747   198092 
 2156 joyboy   ./cli mmap images/4096x4096        0   196704   196747   198092 
 2160 joyboy   ./cli mmap images/4096x4096        0   196704   196747   198092 
 2158 joyboy   ./cli mmap images/4096x4096        0   196708   196751   198088 
%CPU %MEM ARGS Sun Oct  4 06:04:11 PM UTC 2026
 0.0  0.0 grep ./cli                    0  2392
76.8  2.4 ./cli mmap images/4096x4096   2 198092
78.0  2.4 ./cli mmap images/4096x4096   0 198092
81.2  2.4 ./cli mmap images/4096x4096   3 198092
83.4  2.4 ./cli mmap images/4096x4096   5 198088
86.8  2.4 ./cli mmap images/4096x4096   1 198088
  PID User     Command                         Swap      USS      PSS      RSS 
 2235 joyboy   /usr/bin/python3 /run/user/        0     7584     9926    14604 
 2162 joyboy   ./cli mmap images/4096x4096        0   196700   196743   198088 
 2154 joyboy   ./cli mmap images/4096x4096        0   196704   196747   198092 
 2156 joyboy   ./cli mmap images/4096x4096        0   196704   196747   198092 
 2160 joyboy   ./cli mmap images/4096x4096        0   196704   196747   198092 
 2158 joyboy   ./cli mmap images/4096x4096        0   196708   196751   198088 
%CPU %MEM ARGS Sun Oct  4 06:04:11 PM UTC 2026
 0.0  0.0 grep ./cli                    5  2388
74.7  2.4 ./cli mmap images/4096x4096   5 198092
79.4  2.4 ./cli mmap images/4096x4096   4 198092
79.6  2.4 ./cli mmap images/4096x4096   3 198092
83.4  2.4 ./cli mmap images/4096x4096   4 198088
86.4  2.4 ./cli mmap images/4096x4096   1 198088
  PID User     Command                         Swap      USS      PSS      RSS 
 2240 joyboy   /usr/bin/python3 /run/user/        0     7584     9925    14608 
 2162 joyboy   ./cli mmap images/4096x4096        0   196700   196743   198088 
 2154 joyboy   ./cli mmap images/4096x4096        0   196704   196747   198092 
 2156 joyboy   ./cli mmap images/4096x4096        0   196704   196747   198092 
 2160 joyboy   ./cli mmap images/4096x4096        0   196704   196747   198092 
 2158 joyboy   ./cli mmap images/4096x4096        0   196708   196751   198088 
%CPU %MEM ARGS Sun Oct  4 06:04:11 PM UTC 2026
 0.0  0.0 grep ./cli                    4  2392
75.0  2.4 ./cli mmap images/4096x4096   5 198092
78.3  2.4 ./cli mmap images/4096x4096   3 198092
79.9  2.4 ./cli mmap images/4096x4096   4 198092
80.6  2.4 ./cli mmap images/4096x4096   2 198088
87.1  2.4 ./cli mmap images/4096x4096   1 198088
  PID User     Command                         Swap      USS      PSS      RSS 
 2245 joyboy   /usr/bin/python3 /run/user/        0     7588     9938    14648 
 2162 joyboy   ./cli mmap images/4096x4096        0   196700   196743   198088 
 2154 joyboy   ./cli mmap images/4096x4096        0   196704   196747   198092 
 2156 joyboy   ./cli mmap images/4096x4096        0   196704   196747   198092 
 2160 joyboy   ./cli mmap images/4096x4096        0   196704   196747   198092 
 2158 joyboy   ./cli mmap images/4096x4096        0   196708   196751   198088 
%CPU %MEM ARGS Sun Oct  4 06:04:12 PM UTC 2026
 0.0  0.0 grep ./cli                    1  2396
76.0  2.4 ./cli mmap images/4096x4096   5 198092
78.6  2.4 ./cli mmap images/4096x4096   3 198092
80.5  2.4 ./cli mmap images/4096x4096   2 198088
80.7  2.4 ./cli mmap images/4096x4096   4 198092
86.9  2.4 ./cli mmap images/4096x4096   1 198088
  PID User     Command                         Swap      USS      PSS      RSS 
 2250 joyboy   /usr/bin/python3 /run/user/        0     7584     9929    14584 
 2162 joyboy   ./cli mmap images/4096x4096        0   196700   196743   198088 
 2154 joyboy   ./cli mmap images/4096x4096        0   196704   196747   198092 
 2156 joyboy   ./cli mmap images/4096x4096        0   196704   196747   198092 
 2160 joyboy   ./cli mmap images/4096x4096        0   196704   196747   198092 
 2158 joyboy   ./cli mmap images/4096x4096        0   196708   196751   198088 
%CPU %MEM ARGS Sun Oct  4 06:04:12 PM UTC 2026
 0.0  0.0 grep ./cli                    5  2392
76.4  2.4 ./cli mmap images/4096x4096   5 198092
79.6  2.4 ./cli mmap images/4096x4096   3 198092
80.7  2.4 ./cli mmap images/4096x4096   4 198088
81.4  2.4 ./cli mmap images/4096x4096   4 198092
87.6  2.4 ./cli mmap images/4096x4096   1 198088
  PID User     Command                         Swap      USS      PSS      RSS 
 2255 joyboy   /usr/bin/python3 /run/user/        0     7584     9924    14608 
 2162 joyboy   ./cli mmap images/4096x4096        0   196700   196743   198088 
 2154 joyboy   ./cli mmap images/4096x4096        0   196704   196747   198092 
 2156 joyboy   ./cli mmap images/4096x4096        0   196704   196747   198092 
 2160 joyboy   ./cli mmap images/4096x4096        0   196704   196747   198092 
 2158 joyboy   ./cli mmap images/4096x4096        0   196708   196751   198088 
%CPU %MEM ARGS Sun Oct  4 06:04:12 PM UTC 2026
 0.0  0.0 grep ./cli                    5  2392
77.5  2.4 ./cli mmap images/4096x4096   5 198092
78.7  2.4 ./cli mmap images/4096x4096   1 198092
80.7  2.4 ./cli mmap images/4096x4096   3 198092
80.9  2.4 ./cli mmap images/4096x4096   4 198088
87.3  2.4 ./cli mmap images/4096x4096   1 198088
  PID User     Command                         Swap      USS      PSS      RSS 
 2260 joyboy   /usr/bin/python3 /run/user/        0     7584     9960    14672 
 2162 joyboy   ./cli mmap images/4096x4096        0   196700   196743   198088 
 2154 joyboy   ./cli mmap images/4096x4096        0   196704   196747   198092 
 2156 joyboy   ./cli mmap images/4096x4096        0   196704   196747   198092 
 2160 joyboy   ./cli mmap images/4096x4096        0   196704   196747   198092 
 2158 joyboy   ./cli mmap images/4096x4096        0   196708   196751   198088 
%CPU %MEM ARGS Sun Oct  4 06:04:13 PM UTC 2026
 0.0  0.0 grep ./cli                    2  2396
76.4  2.4 ./cli mmap images/4096x4096   5 198092
77.3  2.4 ./cli mmap images/4096x4096   1 198092
80.5  2.4 ./cli mmap images/4096x4096   3 198092
81.2  2.4 ./cli mmap images/4096x4096   4 198088
85.5  2.4 ./cli mmap images/4096x4096   1 198088
  PID User     Command                         Swap      USS      PSS      RSS 
 2265 joyboy   /usr/bin/python3 /run/user/        0     7588     9943    14640 
 2162 joyboy   ./cli mmap images/4096x4096        0   196700   196743   198088 
 2154 joyboy   ./cli mmap images/4096x4096        0   196704   196747   198092 
 2156 joyboy   ./cli mmap images/4096x4096        0   196704   196747   198092 
 2160 joyboy   ./cli mmap images/4096x4096        0   196704   196747   198092 
 2158 joyboy   ./cli mmap images/4096x4096        0   196708   196751   198088 
%CPU %MEM ARGS Sun Oct  4 06:04:13 PM UTC 2026
 0.0  0.0 grep ./cli                    1  2388
76.5  2.4 ./cli mmap images/4096x4096   5 198092
77.4  2.4 ./cli mmap images/4096x4096   4 198092
81.1  2.4 ./cli mmap images/4096x4096   0 198092
81.2  2.4 ./cli mmap images/4096x4096   2 198088
  PID User     Command                         Swap      USS      PSS      RSS 
 2270 joyboy   /usr/bin/python3 /run/user/        0     7592     9937    14616 
 2162 joyboy   ./cli mmap images/4096x4096        0   196700   196747   198088 
 2154 joyboy   ./cli mmap images/4096x4096        0   196704   196751   198092 
 2156 joyboy   ./cli mmap images/4096x4096        0   196704   196751   198092 
 2160 joyboy   ./cli mmap images/4096x4096        0   196704   196751   198092 
%CPU %MEM ARGS Sun Oct  4 06:04:13 PM UTC 2026
 0.0  0.0 grep ./cli                    2  2364
77.4  2.4 ./cli mmap images/4096x4096   5 198092
78.0  2.4 ./cli mmap images/4096x4096   4 198092
  PID User     Command                         Swap      USS      PSS      RSS 
 2275 joyboy   /usr/bin/python3 /run/user/        0     7584     9933    14600 
 2156 joyboy   ./cli mmap images/4096x4096        0   196704   196759   198092 
 2160 joyboy   ./cli mmap images/4096x4096        0   196704   196759   198092 
%CPU %MEM ARGS Sun Oct  4 06:04:13 PM UTC 2026
 0.0  0.0 grep ./cli                    5  2392
  PID User     Command                         Swap      USS      PSS      RSS 
 2282 joyboy   /usr/bin/python3 /run/user/        0     7460     9849    14520 
